# List of system calls for x86-64 machines.

[DEFAULT]
return_type = int
params = void
attr =

[fork]
return_type = pid_t

[vfork]
return_type = pid_t

[clone]
return_type = pid_t
params = int (*func) (void *), void *arg

[getpid]
return_type = pid_t

[getppid]
return_type = pid_t

[gettid]
return_type = pid_t

[getpgid]
return_type = pid_t
params = pid_t pid

[setpgid]
params = pid_t pid, pid_t pgid

[getpgrp]
return_type = pid_t

[setpgrp]

[getuid]
return_type = uid_t

[setuid]
params = uid_t uid

[geteuid]
return_type = uid_t

[seteuid]
params = uid_t euid

[setreuid]
params = uid_t ruid, uid_t euid

[getresuid]
params = uid_t *ruid, uid_t *euid, uid_t *suid

[setresuid]
params = uid_t ruid, uid_t euid, uid_t suid

[getgid]
return_type = gid_t

[setgid]
params = gid_t gid

[getegid]
return_type = gid_t

[setegid]
params = gid_t egid

[setregid]
params = gid_t rgid, gid_t egid

[getresgid]
params = gid_t *rgid, gid_t *egid, gid_t *sgid

[setresgid]
params = gid_t rgid, gid_t egid, gid_t sgid

[getgroups]
params = int size, gid_t *list

[setgroups]
params = size_t size, const gid_t *list

[execve]
params = const char *path, char *const *argv, char *const *envp

[exit]
return_type = void
params = int status
attr = __noreturn

[brk]
params = void *addr

[sbrk]
return_type = void *
params = ptrdiff_t incr

[umask]
return_type = mode_t
params = mode_t mask

[open]
params = const char *path, int flags, ...

[close]
params = int fd

[read]
return_type = ssize_t
params = int fd, void *buffer, size_t len

[write]
return_type = ssize_t
params = int fd, const void *buffer, size_t len

[lseek]
return_type = off_t
params = int fd, off_t offset, int whence

[stat]
params = const char *path, struct stat *st

[fstat]
params = int fd, struct stat *st

[lstat]
params = const char *path, struct stat *st

[mkdir]
params = const char *path, mode_t mode

[rename]
params = const char *old_path, const char *new_path

[link]
params = const char *old_path, const char *new_path

[unlink]
params = const char *path

[symlink]
params = const char *old_path, const char *new_path

[readlink]
return_type = ssize_t
params = const char *path, char *buffer, size_t len

[truncate]
params = const char *path, off_t len

[sync]
return_type = void

[fsync]
params = int fd

[chdir]
params = const char *path

[fchdir]
params = int fd

[getdents]
return_type = ssize_t
params = int fd, void *dirp, size_t len

[dup]
params = int fd

[pipe]
params = int fds[2]

[fcntl]
params = int fd, int cmd, ...

[ioctl]
params = int fd, unsigned long req, ...

[mmap]
return_type = void *
params = void *addr, size_t len, int prot, int flags, int fd, off_t offset

[munmap]
params = void *addr, size_t len

[msync]
params = void *addr, size_t len, int flags

[getrusage]
params = int who, struct rusage *rusage

[wait4]
return_type = pid_t
params = pid_t pid, int *status, int flags, struct rusage *rusage

[signal]
return_type = sighandler_t
params = int sig, sighandler_t handler

[sigaction]
params = int sig, const struct sigaction *act, struct sigaction *old_act

[sigprocmask]
params = int how, const sigset_t *set, sigset_t *old_set

[nanosleep]
params = const struct timespec *req, struct timespec *rem

[pause]

[sigsuspend]
params = const sigset_t *mask

[kill]
params = pid_t pid, int sig

[killpg]
params = pid_t pgrp, int sig

[gethostname]
params = char *name, size_t len

[sethostname]
params = const char *name, size_t len

[uname]
params = struct utsname *buffer

# End of system calls list
